(node:490) [UNDICI-EHPA] Warning: EnvHttpProxyAgent is experimental, expect them to change at any time.
(Use `node --trace-warnings ...` to show where the warning was created)
=== /oversatt kön → Norge (NO)  2026-09-19 ===
Kön: 14 rader i "SE-ACTIVE to be translated" (Typ ~ pending approval)
Läser SE-kontot …
  2130 annonser i SE-kontot
Läser Magiborsten NO …
  826 annonser i Magiborsten NO
Läser https://beverbutikken.no/products.json …
  202 produkter

⏭ Beltgrinder_SO_7_1             bild  Beltesliper NO | BE-ROAS 1,41 | 2026-08-29 / Beltesliper NO - SO → Beltesliper_NO_SO_7_1  — "Beltesliper NO | BE-ROAS 1,41 | 2026-08-29" är PAUSED med 7110.45 kr spend — avvecklad, översätts inte
⏭ Beltgrinder_BOF_5_1            bild  Beltesliper NO | BE-ROAS 1,41 | 2026-08-29 / Beltesliper NO - BOF → Beltesliper_NO_BOF_5_1  — "Beltesliper NO | BE-ROAS 1,41 | 2026-08-29" är PAUSED med 7110.45 kr spend — avvecklad, översätts inte
⏭ Beltgrinder_BOF_4_1            bild  Beltesliper NO | BE-ROAS 1,41 | 2026-08-29 / Beltesliper NO - BOF → Beltesliper_NO_BOF_4_1  — "Beltesliper NO | BE-ROAS 1,41 | 2026-08-29" är PAUSED med 7110.45 kr spend — avvecklad, översätts inte
⏭ Beltgrinder_BOF_6_1            bild  Beltesliper NO | BE-ROAS 1,41 | 2026-08-29 / Beltesliper NO - BOF → Beltesliper_NO_BOF_6_1  — "Beltesliper NO | BE-ROAS 1,41 | 2026-08-29" är PAUSED med 7110.45 kr spend — avvecklad, översätts inte
⏭ Termoskydd_BOF_9_1             bild  Frontrutetrekk til Bobil NO | BE-ROAS 1,62 | 2026-09-12 / Frontrutetrekk til Bobil NO - BOF → Frontrutetrekk_NO_BOF_9_1  — "Frontrutetrekk til Bobil NO | BE-ROAS 1,62 | 2026-09-12" är PAUSED med 4494.59 kr spend — avvecklad, översätts inte
⏭ Termoskydd_BOF_8_1             bild  Frontrutetrekk til Bobil NO | BE-ROAS 1,62 | 2026-09-12 / Frontrutetrekk til Bobil NO - BOF → Frontrutetrekk_NO_BOF_8_1  — "Frontrutetrekk til Bobil NO | BE-ROAS 1,62 | 2026-09-12" är PAUSED med 4494.59 kr spend — avvecklad, översätts inte
⏭ Termoskydd_CS_8_1              bild  Frontrutetrekk til Bobil NO | BE-ROAS 1,62 | 2026-09-12 / Frontrutetrekk til Bobil NO - CS → Frontrutetrekk_NO_CS_8_1  — "Frontrutetrekk til Bobil NO | BE-ROAS 1,62 | 2026-09-12" är PAUSED med 4494.59 kr spend — avvecklad, översätts inte
⏭ Termoskydd_SP_9_1              bild  Frontrutetrekk til Bobil NO | BE-ROAS 1,62 | 2026-09-12 / Frontrutetrekk til Bobil NO - SP → Frontrutetrekk_NO_SP_9_1  — "Frontrutetrekk til Bobil NO | BE-ROAS 1,62 | 2026-09-12" är PAUSED med 4494.59 kr spend — avvecklad, översätts inte
⏭ Termoskydd_BOF_7_1             bild  Frontrutetrekk til Bobil NO | BE-ROAS 1,62 | 2026-09-12 / Frontrutetrekk til Bobil NO - BOF → Frontrutetrekk_NO_BOF_7_1  — "Frontrutetrekk til Bobil NO | BE-ROAS 1,62 | 2026-09-12" är PAUSED med 4494.59 kr spend — avvecklad, översätts inte
⏭ Batmotor_RV_11_1               bild  Båtmotortrekk NO | BE-ROAS 1,63 | 2026-09-02 / Båtmotortrekk NO - RV → Batmotortrekk_NO_RV_11_1  — "Båtmotortrekk NO | BE-ROAS 1,63 | 2026-09-02" är PAUSED med 20754.77 kr spend — avvecklad, översätts inte
⏭ Batmotor_RV_10_1               bild  Båtmotortrekk NO | BE-ROAS 1,63 | 2026-09-02 / Båtmotortrekk NO - RV → Batmotortrekk_NO_RV_10_1  — "Båtmotortrekk NO | BE-ROAS 1,63 | 2026-09-02" är PAUSED med 20754.77 kr spend — avvecklad, översätts inte
⏭ Batmotor_CS_10_1               bild  Båtmotortrekk NO | BE-ROAS 1,63 | 2026-09-02 / Båtmotortrekk NO - CS → Batmotortrekk_NO_CS_10_1  — "Båtmotortrekk NO | BE-ROAS 1,63 | 2026-09-02" är PAUSED med 20754.77 kr spend — avvecklad, översätts inte
⏭ Batmotor_BF_13_1               bild  Båtmotortrekk NO | BE-ROAS 1,63 | 2026-09-02 / Båtmotortrekk NO - BF → Batmotortrekk_NO_BF_13_1  — "Båtmotortrekk NO | BE-ROAS 1,63 | 2026-09-02" är PAUSED med 20754.77 kr spend — avvecklad, översätts inte
⏭ Batmotor_BOF_1_1               bild  Båtmotortrekk NO | BE-ROAS 1,63 | 2026-09-02 / Båtmotortrekk NO - BOF → Batmotortrekk_NO_BOF_1_1  — "Båtmotortrekk NO | BE-ROAS 1,63 | 2026-09-02" är PAUSED med 20754.77 kr spend — avvecklad, översätts inte

Kör: 0 · klara sedan tidigare: 0 · hoppar: 14 · i kö: 0
HeyGen api-krediter: ej behövt · Kie-saldo: 13177.2

Jobbfil: /home/user/yognftnfgn/market-expansion/no/notion-batches/2026-09-19/jobb.json
