(node:10361) [UNDICI-EHPA] Warning: EnvHttpProxyAgent is experimental, expect them to change at any time.
(Use `node --trace-warnings ...` to show where the warning was created)

=== ops-till-meta — CaraShell (carashell/takskyddet) · marknad US · konto 1107817401910319 (Magiborsten UK) ===
1. Butik: prefix carashellroof_ · carashellroof · annons "CaraShellRoof_US_UG_102_H1" · video CaraShellRoof_US_UG_102_H1-ai.mp4 (4.57 MB)
3. Marknadskoll: "CaraShellRoof_US_UG_102_H1" bär US — ok för US
2. Kampanj (--kampanj): "1 CARASHELL_US_Taköverdrag Husvagn & Husbil 6,5 × 3 m | BE-ROAS 1.63 | 2026-09-16 – kopia" (120251451415500435) ACTIVE/ACTIVE — matchar via annonserna, inte namnet
   CBO: 8000 kr/dag · kampanjbas "1 CARASHELL_US_Taköverdrag Husvagn & Husbil 6,5 × 3 m"
4. Dubblett: "CaraShellRoof_US_UG_102_H1" finns inte bland kontots 475 annonser — ok
5. Koncept UG → adset "CARASHELL_US_UG" (120251489956580435) — finns, ACTIVE
6. Sida 1381171778405935 (ärvd) (ingen IG) · länk https://carashell.com/pages/takoverdrag-husvagn-husbil-6-5-3-m-lagerrensning?country=US (ärvd) · DSA saknas — skickar inget
7. Media: video 2902078490172740 uppladdad, thumbnail klar
8. Creative-spec (SHOP_NOW, alla enhancements OPT_OUT):
   {
     "page_id": "1381171778405935",
     "video_data": {
       "video_id": "2902078490172740",
       "image_url": "https://scontent-ord5-1.xx.fbcdn.net/v/t15.5256-10/828843868_1292511999603778_4596997514347610272_n.jpg?_nc_cat=108&ccb=1-7&_nc_sid=e3495b&_nc_ohc=NCcJ0ZvCVMgQ7kNvwF9LbAG&_nc_oc=AdrWkjwZACv0OHteUb8pXXbO0YG98XIF_BiLg4oPYJIYsB4Jofv34R9rm93CHMqrN6M&_nc_zt=23&_nc_ht=scontent-ord5-1.xx&edm=APRAPSkEAAAA&_nc_gid=1kF7OAYAouRB2ICMiu2ZPQ&_nc_tpa=Q5bMBQLyFab-JmT7EM-fmTQ0D2vKl4JhSmWAi8deDvTh7uHhZYy8jc_PFulSmg9KPl7zusP5i2yXUtIoTA&oh=00_AQMf01mABiuNbTFwVHQBGjYvor4lzDpypM02IQeG2Qa1Pw&oe=6AC1CE42",
       "message": "Just the roof. One person. Straps on all four sides hook at the bottom edge. Silver-coated 210D oxford weave keeps rain off your roof hatches and seams, and it folds into the bag it comes with. 21 × 10 ft. $199, regular price $249.",
       "title": "A roof cover you fit alone",
       "link_description": "$199, regular price $249",
       "call_to_action": {
         "type": "SHOP_NOW",
         "value": {
           "link": "https://carashell.com/pages/takoverdrag-husvagn-husbil-6-5-3-m-lagerrensning?country=US"
         }
       }
     }
   }
8. Annons skapad PAUSED: CaraShellRoof_US_UG_102_H1 (120251671833900435), creative 1071713838795052
9. Aktiverad: annons 120251671833900435: PAUSED → ACTIVE
   Tillbakaläsning: CaraShellRoof_US_UG_102_H1 → ACTIVE / effective IN_PROCESS (adset 120251489956580435)
