== CS_1_H1

Källan 21.57 s → ny video 27.45 s (27 %)
✓ dub/CS_1_H1.mp4  (27.50 s)  +  dub/CS_1_H1.mp4.srt
== CS_1_H2

Källan 22.57 s → ny video 27.98 s (24 %)
✓ dub/CS_1_H2.mp4  (28.00 s)  +  dub/CS_1_H2.mp4.srt
== CS_1_H3

Källan 22.22 s → ny video 28.52 s (28 %)
✓ dub/CS_1_H3.mp4  (28.60 s)  +  dub/CS_1_H3.mp4.srt
== GT_1_H1

Källan 19.62 s → ny video 22.34 s (14 %)
✓ dub/GT_1_H1.mp4  (22.40 s)  +  dub/GT_1_H1.mp4.srt
== GT_1_H2

Källan 19.85 s → ny video 23.00 s (16 %)
✓ dub/GT_1_H2.mp4  (23.00 s)  +  dub/GT_1_H2.mp4.srt
== GT_1_H3

Källan 20.64 s → ny video 23.69 s (15 %)
✓ dub/GT_1_H3.mp4  (23.70 s)  +  dub/GT_1_H3.mp4.srt
== PD_1_H1

Källan 19.92 s → ny video 24.51 s (23 %)
✓ dub/PD_1_H1.mp4  (24.60 s)  +  dub/PD_1_H1.mp4.srt
== PD_1_H2

Källan 20.34 s → ny video 24.06 s (18 %)
✓ dub/PD_1_H2.mp4  (24.10 s)  +  dub/PD_1_H2.mp4.srt
== PD_1_H3

Källan 19.51 s → ny video 23.84 s (22 %)
✓ dub/PD_1_H3.mp4  (23.90 s)  +  dub/PD_1_H3.mp4.srt
== SP_1_H1

Källan 26.01 s → ny video 27.78 s (7 %)
✓ dub/SP_1_H1.mp4  (27.80 s)  +  dub/SP_1_H1.mp4.srt
== SP_1_H2

Källan 24.98 s → ny video 24.08 s (-4 %)
✓ dub/SP_1_H2.mp4  (24.10 s)  +  dub/SP_1_H2.mp4.srt
== SP_1_H3

Källan 24.33 s → ny video 23.03 s (-5 %)
✓ dub/SP_1_H3.mp4  (23.10 s)  +  dub/SP_1_H3.mp4.srt
