GT_1_H1 cap exit 0
  QA-bilder att titta på: NO_motorlas_GT_1_H1.mp4.qa-1.png, NO_motorlas_GT_1_H1.mp4.qa-2.png, NO_motorlas_GT_1_H1.mp4.qa-3.png
  ✓ ingen text utanför bandet
✅ NO_motorlas_GT_1_H1.mp4
⚠️ Grönt betyder 'inga mätbara fel', inte 'godkänd'.
GT_1_H2 cap exit 0
  QA-bilder att titta på: NO_motorlas_GT_1_H2.mp4.qa-1.png, NO_motorlas_GT_1_H2.mp4.qa-2.png, NO_motorlas_GT_1_H2.mp4.qa-3.png
  ✓ ingen text utanför bandet
✅ NO_motorlas_GT_1_H2.mp4
⚠️ Grönt betyder 'inga mätbara fel', inte 'godkänd'.
GT_1_H3 cap exit 0
  QA-bilder att titta på: NO_motorlas_GT_1_H3.mp4.qa-1.png, NO_motorlas_GT_1_H3.mp4.qa-2.png, NO_motorlas_GT_1_H3.mp4.qa-3.png
  ✓ ingen text utanför bandet
✅ NO_motorlas_GT_1_H3.mp4
⚠️ Grönt betyder 'inga mätbara fel', inte 'godkänd'.
PD_1_H1 cap exit 0
  QA-bilder att titta på: NO_motorlas_PD_1_H1.mp4.qa-1.png, NO_motorlas_PD_1_H1.mp4.qa-2.png, NO_motorlas_PD_1_H1.mp4.qa-3.png
  ✓ ingen text utanför bandet
✅ NO_motorlas_PD_1_H1.mp4
⚠️ Grönt betyder 'inga mätbara fel', inte 'godkänd'.
PD_1_H2 cap exit 0
  QA-bilder att titta på: NO_motorlas_PD_1_H2.mp4.qa-1.png, NO_motorlas_PD_1_H2.mp4.qa-2.png, NO_motorlas_PD_1_H2.mp4.qa-3.png
  ✓ ingen text utanför bandet
✅ NO_motorlas_PD_1_H2.mp4
⚠️ Grönt betyder 'inga mätbara fel', inte 'godkänd'.
PD_1_H3 cap exit 0
  QA-bilder att titta på: NO_motorlas_PD_1_H3.mp4.qa-1.png, NO_motorlas_PD_1_H3.mp4.qa-2.png, NO_motorlas_PD_1_H3.mp4.qa-3.png
  ✓ ingen text utanför bandet
✅ NO_motorlas_PD_1_H3.mp4
⚠️ Grönt betyder 'inga mätbara fel', inte 'godkänd'.
SP_1_H1 cap exit 0
  QA-bilder att titta på: NO_motorlas_SP_1_H1.mp4.qa-1.png, NO_motorlas_SP_1_H1.mp4.qa-2.png, NO_motorlas_SP_1_H1.mp4.qa-3.png
  ✓ ingen text utanför bandet
✅ NO_motorlas_SP_1_H1.mp4
⚠️ Grönt betyder 'inga mätbara fel', inte 'godkänd'.
SP_1_H2 cap exit 0
  QA-bilder att titta på: NO_motorlas_SP_1_H2.mp4.qa-1.png, NO_motorlas_SP_1_H2.mp4.qa-2.png, NO_motorlas_SP_1_H2.mp4.qa-3.png
  ✓ ingen text utanför bandet
✅ NO_motorlas_SP_1_H2.mp4
⚠️ Grönt betyder 'inga mätbara fel', inte 'godkänd'.
SP_1_H3 cap exit 0
  QA-bilder att titta på: NO_motorlas_SP_1_H3.mp4.qa-1.png, NO_motorlas_SP_1_H3.mp4.qa-2.png, NO_motorlas_SP_1_H3.mp4.qa-3.png
  ✓ ingen text utanför bandet
✅ NO_motorlas_SP_1_H3.mp4
⚠️ Grönt betyder 'inga mätbara fel', inte 'godkänd'.
