(node:436) [UNDICI-EHPA] Warning: EnvHttpProxyAgent is experimental, expect them to change at any time.
(Use `node --trace-warnings ...` to show where the warning was created)
Butik: CaraShell (carashell/takskyddet) · konto 1107817401910319 (Magiborsten UK) · prefix carashellroof_ · carashellroof · marknad US · status "SE-ACTIVE to be translated" · annonsmarknader SE + NO, US
OPS-hubb: Carashell Taköverdrag creative hub (3da270ab-908c-80c4-80d1-fbdb3fefd3b4)
  7 rader i "SE-ACTIVE to be translated" (Typ ~ pending approval)
Läser kontot 1107817401910319 …
  468 annonser · 20 kampanjer i kontot
Kampanj (US): 1 CARASHELL_US_Taköverdrag Husvagn & Husbil 6,5 × 3 m | BE-ROAS 1.63 | 2026-09-16 – kopia [ACTIVE] · bas "1 CARASHELL_US_Taköverdrag Husvagn & Husbil 6,5 × 3 m"
Ärvd länk: https://carashell.com/pages/takoverdrag-husvagn-husbil-6-5-3-m-lagerrensning?country=US (ur CaraShellRoof_US_OB_110_1, ACTIVE)
Läser kontot 915422744950975 (MagiBorsten DK) för NO …
  ⏳ Meta rate limit (försök 1/8) — väntar 30s
  ⏳ Meta rate limit (försök 2/8) — väntar 60s
  ⏳ Meta rate limit (försök 3/8) — väntar 120s
  hämtad: market-expansion/ops/carashell/2026-09-28-us/se/CaraShellRoof_SP_104_H3/CaraShellRoof_SP_104_H3.mp4
  hämtad: market-expansion/ops/carashell/2026-09-28-us/se/CaraShellRoof_SP_104_H4/CaraShellRoof_SP_104_H4.mp4
  hämtad: market-expansion/ops/carashell/2026-09-28-us/se/CaraShellRoof_CS_109_H1/CaraShellRoof_CS_109_H1.mp4
  hämtad: market-expansion/ops/carashell/2026-09-28-us/se/CaraShellRoof_PD_110_H1/CaraShellRoof_PD_110_H1.mp4
  hämtad: market-expansion/ops/carashell/2026-09-28-us/se/CaraShellRoof_CO_105_H1/CaraShellRoof_CO_105_H1.mp4
  hämtad: market-expansion/ops/carashell/2026-09-28-us/se/CaraShellRoof_OB_103_H1/CaraShellRoof_OB_103_H1.mp4
  slutkort: slutkort-med-brand — slutkortet namnger en butik: "baverbutiken" (kallbrand/exakt)
  hämtad: market-expansion/ops/carashell/2026-09-28-us/se/CaraShellRoof_OB_104_H1/CaraShellRoof_OB_104_H1.mp4
  slutkort: slutkort-med-brand — slutkortet namnger en butik: "baverbutiken" (kallbrand/exakt)
Kön klar: 7 rader, 5 varningar — skriver 18788 tecken
Utskriften klar.
