(node:7322) [UNDICI-EHPA] Warning: EnvHttpProxyAgent is experimental, expect them to change at any time.
(Use `node --trace-warnings ...` to show where the warning was created)

=== ops-till-meta — CaraShell (carashell/takskyddet) · marknad US · konto 1107817401910319 (Magiborsten UK) ===
1. Butik: prefix carashellroof_ · carashellroof · annons "CaraShellRoof_US_OB_104_H1" · video CaraShellRoof_US_OB_104_H1-ai.mp4 (3.61 MB)
3. Marknadskoll: "CaraShellRoof_US_OB_104_H1" bär US — ok för US
2. Kampanj (--kampanj): "1 CARASHELL_US_Taköverdrag Husvagn & Husbil 6,5 × 3 m | BE-ROAS 1.63 | 2026-09-16 – kopia" (120251451415500435) ACTIVE/ACTIVE — matchar via annonserna, inte namnet
   CBO: 8000 kr/dag · kampanjbas "1 CARASHELL_US_Taköverdrag Husvagn & Husbil 6,5 × 3 m"
4. Dubblett: "CaraShellRoof_US_OB_104_H1" finns inte bland kontots 474 annonser — ok
5. Koncept OB → adset "CARASHELL_US_OB" (120251517179380435) — finns, ACTIVE
6. Sida 1381171778405935 (ärvd) (ingen IG) · länk https://carashell.com/pages/takoverdrag-husvagn-husbil-6-5-3-m-lagerrensning?country=US (ärvd) · DSA saknas — skickar inget
7. Media: video 2091827178086365 uppladdad, thumbnail klar
8. Creative-spec (SHOP_NOW, alla enhancements OPT_OUT):
   {
     "page_id": "1381171778405935",
     "video_data": {
       "video_id": "2091827178086365",
       "image_url": "https://scontent-ord5-2.xx.fbcdn.net/v/t15.5256-10/828553656_2071678060126764_3947387101437271335_n.jpg?_nc_cat=107&ccb=1-7&_nc_sid=e3495b&_nc_ohc=IHMigtjTzJAQ7kNvwEStLx4&_nc_oc=Adr3-nIsm7HdeM3w6XCghavNXWEPaywj9xbvPm3_kzJKxmCmzwl2v4_638fD063GHWE&_nc_zt=23&_nc_ht=scontent-ord5-2.xx&edm=APRAPSkEAAAA&_nc_gid=OVUwDQeG5v_AeWzrp-WGyQ&_nc_tpa=Q5bMBQKT6dzUB0wU7F7cyv3W7tTGVeH6p46H_ZdMrsZWabsD6hT9UlFXMCkOk0DFfn2x8OZZL08abBHldA&oh=00_AQN60S4aNqX18ZggI5fuR3hVMbUoz1xC2izeKD36JXviiA&oe=6AC06CDF",
       "message": "Fair point — a full cover seals up the whole rig.\nThis one covers only the roof, 21 by 10 ft.\nThe sides stay open, same as before.\nSun and rain hit the silver-coated 210D weave instead of your roof.\n$199 (was $249, save $50 / 20%).",
       "title": "Yes, it seals. Just the roof.",
       "link_description": "Sides stay open — only the roof is covered.",
       "call_to_action": {
         "type": "SHOP_NOW",
         "value": {
           "link": "https://carashell.com/pages/takoverdrag-husvagn-husbil-6-5-3-m-lagerrensning?country=US"
         }
       }
     }
   }
8. Annons skapad PAUSED: CaraShellRoof_US_OB_104_H1 (120251651140340435), creative 1474464547903319
9. Aktiverad: annons 120251651140340435: PAUSED → ACTIVE
   Tillbakaläsning: CaraShellRoof_US_OB_104_H1 → ACTIVE / effective IN_PROCESS (adset 120251517179380435)
