(node:6832) [UNDICI-EHPA] Warning: EnvHttpProxyAgent is experimental, expect them to change at any time.
(Use `node --trace-warnings ...` to show where the warning was created)

=== ops-till-meta — CaraShell (carashell/takskyddet) · marknad US · konto 1107817401910319 (Magiborsten UK) ===
1. Butik: prefix carashellroof_ · carashellroof · annons "CaraShellRoof_US_SP_104_H4" · video CaraShellRoof_US_SP_104_H4-ai.mp4 (3.53 MB)
3. Marknadskoll: "CaraShellRoof_US_SP_104_H4" bär US — ok för US
2. Kampanj (--kampanj): "1 CARASHELL_US_Taköverdrag Husvagn & Husbil 6,5 × 3 m | BE-ROAS 1.63 | 2026-09-16 – kopia" (120251451415500435) ACTIVE/ACTIVE — matchar via annonserna, inte namnet
   CBO: 8000 kr/dag · kampanjbas "1 CARASHELL_US_Taköverdrag Husvagn & Husbil 6,5 × 3 m"
4. Dubblett: "CaraShellRoof_US_SP_104_H4" finns inte bland kontots 469 annonser — ok
5. Koncept SP → adset "CARASHELL_US_SP" (120251451415210435) — finns, ACTIVE
6. Sida 1381171778405935 (ärvd) (ingen IG) · länk https://carashell.com/pages/takoverdrag-husvagn-husbil-6-5-3-m-lagerrensning?country=US (ärvd) · DSA saknas — skickar inget
7. Media: video 1639043651062180 uppladdad, thumbnail klar
8. Creative-spec (SHOP_NOW, alla enhancements OPT_OUT):
   {
     "page_id": "1381171778405935",
     "video_data": {
       "video_id": "1639043651062180",
       "image_url": "https://scontent-ord5-1.xx.fbcdn.net/v/t15.5256-10/829661127_1426978725432367_2393072545919190056_n.jpg?_nc_cat=109&ccb=1-7&_nc_sid=e3495b&_nc_ohc=lrWjqBCPCS4Q7kNvwGuOMpr&_nc_oc=AdoJrccZBaeio7XaWnVCOdyhVtyoqEsWCjZ5r-rMuP3272SkXnsJ7zUw_FaSFY6aBt8&_nc_zt=23&_nc_ht=scontent-ord5-1.xx&edm=APRAPSkEAAAA&_nc_gid=nSPcy1Tus8i4rNSb2Vs1EQ&_nc_tpa=Q5bMBQLUFOwlL6tTQrQUW0mE6L4cP8u7IsDkJLx6rCmkmvR5GrC9FQVGUZ6VySdkYxpNa0MYyfeCwx38TQ&oh=00_AQOSDgx3gfjWWDBtHmbXX_uxOpvP9Vhet0180J8Pf2MVqA&oe=6AC051D2",
       "message": "This covers only the roof, not the whole rig — one person handles it alone.\nWater never sits at the hatches, and the 210D weave holds through the whole winter season.\nStraps run on all four sides, hooking into a hook at the bottom edge.\n$199, was $249.",
       "title": "One person. 210D weave.",
       "link_description": "Straps on all 4 sides, one hook each. Two 34 ft ratchet straps included.",
       "call_to_action": {
         "type": "SHOP_NOW",
         "value": {
           "link": "https://carashell.com/pages/takoverdrag-husvagn-husbil-6-5-3-m-lagerrensning?country=US"
         }
       }
     }
   }
8. Annons skapad PAUSED: CaraShellRoof_US_SP_104_H4 (120251650670480435), creative 1737217894028450
9. Aktiverad: annons 120251650670480435: PAUSED → ACTIVE
   Tillbakaläsning: CaraShellRoof_US_SP_104_H4 → ACTIVE / effective IN_PROCESS (adset 120251451415210435)
