(node:6794) [UNDICI-EHPA] Warning: EnvHttpProxyAgent is experimental, expect them to change at any time.
(Use `node --trace-warnings ...` to show where the warning was created)

=== ops-till-meta — CaraShell (carashell/takskyddet) · marknad US · konto 1107817401910319 (Magiborsten UK) ===
1. Butik: prefix carashellroof_ · carashellroof · annons "CaraShellRoof_US_SP_104_H3" · video CaraShellRoof_US_SP_104_H3-ai.mp4 (4.88 MB)
3. Marknadskoll: "CaraShellRoof_US_SP_104_H3" bär US — ok för US
2. Kampanj (--kampanj): "1 CARASHELL_US_Taköverdrag Husvagn & Husbil 6,5 × 3 m | BE-ROAS 1.63 | 2026-09-16 – kopia" (120251451415500435) ACTIVE/ACTIVE — matchar via annonserna, inte namnet
   CBO: 8000 kr/dag · kampanjbas "1 CARASHELL_US_Taköverdrag Husvagn & Husbil 6,5 × 3 m"
4. Dubblett: "CaraShellRoof_US_SP_104_H3" finns inte bland kontots 468 annonser — ok
5. Koncept SP → adset "CARASHELL_US_SP" (120251451415210435) — finns, ACTIVE
6. Sida 1381171778405935 (ärvd) (ingen IG) · länk https://carashell.com/pages/takoverdrag-husvagn-husbil-6-5-3-m-lagerrensning?country=US (ärvd) · DSA saknas — skickar inget
7. Media: video 1842088930478129 uppladdad, thumbnail klar
8. Creative-spec (SHOP_NOW, alla enhancements OPT_OUT):
   {
     "page_id": "1381171778405935",
     "video_data": {
       "video_id": "1842088930478129",
       "image_url": "https://scontent-ord5-1.xx.fbcdn.net/v/t15.5256-10/830342424_2200128153933582_3449971623640836712_n.jpg?_nc_cat=108&ccb=1-7&_nc_sid=e3495b&_nc_ohc=22p1UVf_9ucQ7kNvwGKOZ7b&_nc_oc=AdolMZEoxc-ejIDr5QsoEG57QwDJHRTFV26VvzKOXVjC_53gPVDe8EQwZF0P1MjzxLk&_nc_zt=23&_nc_ht=scontent-ord5-1.xx&edm=APRAPSkEAAAA&_nc_gid=323dgjI7espZIiAd7pY71Q&_nc_tpa=Q5bMBQKsYuDqbTTiuCPXD9hV4asNNoogug76LWklnXQXq8NzjauEh8ICW92OVJa_wyvHdZSiqhpP2jIpEQ&oh=00_AQOPFUSZcGZALQXqknaybiS0e8fk2y0MItNMQMm6sqMTVg&oe=6AC06AF8",
       "message": "Leave the roof hatches unprotected and water just sits there — the seal takes the damage.\nA full cover is heavy to wrestle on alone. This one covers only the roof, so one person can do it solo.\nWater never sits at the hatches, and the 210D weave holds through the whole winter season.\nStraps run on all four sides, hooking into a hook at the bottom edge.\n$199, was $249.",
       "title": "One person. 210D weave.",
       "link_description": "Straps on all 4 sides, one hook each. Two 34 ft ratchet straps included.",
       "call_to_action": {
         "type": "SHOP_NOW",
         "value": {
           "link": "https://carashell.com/pages/takoverdrag-husvagn-husbil-6-5-3-m-lagerrensning?country=US"
         }
       }
     }
   }
8. Annons skapad PAUSED: CaraShellRoof_US_SP_104_H3 (120251650660230435), creative 2216584898910262
9. Aktiverad: annons 120251650660230435: PAUSED → ACTIVE
   Tillbakaläsning: CaraShellRoof_US_SP_104_H3 → ACTIVE / effective IN_PROCESS (adset 120251451415210435)
