(node:400) [UNDICI-EHPA] Warning: EnvHttpProxyAgent is experimental, expect them to change at any time.
(Use `node --trace-warnings ...` to show where the warning was created)
Butik: CaraShell (carashell/takskyddet) · konto 1107817401910319 (Magiborsten UK) · prefix carashellroof_ · carashellroof · marknad US · status "SE-ACTIVE to be translated" · annonsmarknader SE + NO, US
OPS-hubb: Carashell Taköverdrag creative hub (3da270ab-908c-80c4-80d1-fbdb3fefd3b4)
  24 rader i "SE-ACTIVE to be translated" (Typ ~ pending approval)
Läser kontot 1107817401910319 …
  379 annonser · 18 kampanjer i kontot
Kampanj (US): 1 CARASHELL_US_Taköverdrag Husvagn & Husbil 6,5 × 3 m | BE-ROAS 1.63 | 2026-09-16 – kopia [ACTIVE] · bas "1 CARASHELL_US_Taköverdrag Husvagn & Husbil 6,5 × 3 m"
Ärvd länk: https://carashell.com/pages/takoverdrag-husvagn-husbil-6-5-3-m-lagerrensning?country=US (ur CaraShellRoof_US_SP_2_H1, ACTIVE)
Läser kontot 915422744950975 (MagiBorsten DK) för NO …
  hämtad: market-expansion/ops/carashell/2026-09-18-us/se/CaraShellRoof_CO_101_H1/CaraShellRoof_CO_101_H1_1.mp4
  hämtad: market-expansion/ops/carashell/2026-09-18-us/se/CaraShellRoof_RI_101_H1/CaraShellRoof_RI_101_H1_1.mp4
  hämtad: market-expansion/ops/carashell/2026-09-18-us/se/CaraShellRoof_SP_104_H1/CaraShellRoof_SP_104_H1_1.mp4
  hämtad: market-expansion/ops/carashell/2026-09-18-us/se/CaraShellRoof_UG_101_H1/CaraShellRoof_UG_101_H1_1.mp4
  hämtad: market-expansion/ops/carashell/2026-09-18-us/se/CaraShellRoof_PD_104_H1/CaraShellRoof_PD_104_H1_1.mp4
  hämtad: market-expansion/ops/carashell/2026-09-18-us/se/CaraShellRoof_GT_104_H1/CaraShellRoof_GT_104_H1_1.mp4
  hämtad: market-expansion/ops/carashell/2026-09-18-us/se/CaraShellRoof_LI_101_1/CaraShellRoof_LI_101_1_1.jpg
  hämtad: market-expansion/ops/carashell/2026-09-18-us/se/CaraShellRoof_PD_105_1/CaraShellRoof_PD_105_1_1.jpg
  hämtad: market-expansion/ops/carashell/2026-09-18-us/se/CaraShellRoof_CS_104_1/CaraShellRoof_CS_104_1_1.jpg
  hämtad: market-expansion/ops/carashell/2026-09-18-us/se/CaraShellRoof_CO_102_1/CaraShellRoof_CO_102_1_1.jpg
  hämtad: market-expansion/ops/carashell/2026-09-18-us/se/CaraShellRoof_GT_105_H1/CaraShellRoof_GT_105_H1_1.mp4
  hämtad: market-expansion/ops/carashell/2026-09-18-us/se/CaraShellRoof_CS_106_1/CaraShellRoof_CS_106_1_1.jpg
  hämtad: market-expansion/ops/carashell/2026-09-18-us/se/CaraShellRoof_GT_106_1/CaraShellRoof_GT_106_1_1.jpg
  hämtad: market-expansion/ops/carashell/2026-09-18-us/se/CaraShellRoof_BOF_101_1/CaraShellRoof_BOF_101_1_1.jpg
  hämtad: market-expansion/ops/carashell/2026-09-18-us/se/CaraShellRoof_BOF_102_1/CaraShellRoof_BOF_102_1_1.jpg
  hämtad: market-expansion/ops/carashell/2026-09-18-us/se/CaraShellRoof_BOF_103_1/CaraShellRoof_BOF_103_1_1.jpg
  hämtad: market-expansion/ops/carashell/2026-09-18-us/se/CaraShellRoof_PD_5_H1/CaraShellRoof_PD_5_H1.mp4
